Archive member included to satisfy reference by file (symbol)

i:/programming/ch32/mounriver_studio2/resources/app/resources/win32/components/wch/toolchain/risc-v embedded gcc/bin/../lib/gcc/riscv-none-embed/8.2.0/../../../../riscv-none-embed/lib/rv32imac/ilp32\libm.a(lib_a-s_sin.o)
                              ./General_Files/drivers/SSD1306.o (sin)
i:/programming/ch32/mounriver_studio2/resources/app/resources/win32/components/wch/toolchain/risc-v embedded gcc/bin/../lib/gcc/riscv-none-embed/8.2.0/../../../../riscv-none-embed/lib/rv32imac/ilp32\libm.a(lib_a-e_rem_pio2.o)
                              i:/programming/ch32/mounriver_studio2/resources/app/resources/win32/components/wch/toolchain/risc-v embedded gcc/bin/../lib/gcc/riscv-none-embed/8.2.0/../../../../riscv-none-embed/lib/rv32imac/ilp32\libm.a(lib_a-s_sin.o) (__ieee754_rem_pio2)
i:/programming/ch32/mounriver_studio2/resources/app/resources/win32/components/wch/toolchain/risc-v embedded gcc/bin/../lib/gcc/riscv-none-embed/8.2.0/../../../../riscv-none-embed/lib/rv32imac/ilp32\libm.a(lib_a-k_cos.o)
                              i:/programming/ch32/mounriver_studio2/resources/app/resources/win32/components/wch/toolchain/risc-v embedded gcc/bin/../lib/gcc/riscv-none-embed/8.2.0/../../../../riscv-none-embed/lib/rv32imac/ilp32\libm.a(lib_a-s_sin.o) (__kernel_cos)
i:/programming/ch32/mounriver_studio2/resources/app/resources/win32/components/wch/toolchain/risc-v embedded gcc/bin/../lib/gcc/riscv-none-embed/8.2.0/../../../../riscv-none-embed/lib/rv32imac/ilp32\libm.a(lib_a-k_rem_pio2.o)
                              i:/programming/ch32/mounriver_studio2/resources/app/resources/win32/components/wch/toolchain/risc-v embedded gcc/bin/../lib/gcc/riscv-none-embed/8.2.0/../../../../riscv-none-embed/lib/rv32imac/ilp32\libm.a(lib_a-e_rem_pio2.o) (__kernel_rem_pio2)
i:/programming/ch32/mounriver_studio2/resources/app/resources/win32/components/wch/toolchain/risc-v embedded gcc/bin/../lib/gcc/riscv-none-embed/8.2.0/../../../../riscv-none-embed/lib/rv32imac/ilp32\libm.a(lib_a-k_sin.o)
                              i:/programming/ch32/mounriver_studio2/resources/app/resources/win32/components/wch/toolchain/risc-v embedded gcc/bin/../lib/gcc/riscv-none-embed/8.2.0/../../../../riscv-none-embed/lib/rv32imac/ilp32\libm.a(lib_a-s_sin.o) (__kernel_sin)
i:/programming/ch32/mounriver_studio2/resources/app/resources/win32/components/wch/toolchain/risc-v embedded gcc/bin/../lib/gcc/riscv-none-embed/8.2.0/../../../../riscv-none-embed/lib/rv32imac/ilp32\libm.a(lib_a-s_fabs.o)
                              i:/programming/ch32/mounriver_studio2/resources/app/resources/win32/components/wch/toolchain/risc-v embedded gcc/bin/../lib/gcc/riscv-none-embed/8.2.0/../../../../riscv-none-embed/lib/rv32imac/ilp32\libm.a(lib_a-e_rem_pio2.o) (fabs)
i:/programming/ch32/mounriver_studio2/resources/app/resources/win32/components/wch/toolchain/risc-v embedded gcc/bin/../lib/gcc/riscv-none-embed/8.2.0/../../../../riscv-none-embed/lib/rv32imac/ilp32\libm.a(lib_a-s_floor.o)
                              i:/programming/ch32/mounriver_studio2/resources/app/resources/win32/components/wch/toolchain/risc-v embedded gcc/bin/../lib/gcc/riscv-none-embed/8.2.0/../../../../riscv-none-embed/lib/rv32imac/ilp32\libm.a(lib_a-k_rem_pio2.o) (floor)
i:/programming/ch32/mounriver_studio2/resources/app/resources/win32/components/wch/toolchain/risc-v embedded gcc/bin/../lib/gcc/riscv-none-embed/8.2.0/../../../../riscv-none-embed/lib/rv32imac/ilp32\libm.a(lib_a-s_scalbn.o)
                              i:/programming/ch32/mounriver_studio2/resources/app/resources/win32/components/wch/toolchain/risc-v embedded gcc/bin/../lib/gcc/riscv-none-embed/8.2.0/../../../../riscv-none-embed/lib/rv32imac/ilp32\libm.a(lib_a-k_rem_pio2.o) (scalbn)
i:/programming/ch32/mounriver_studio2/resources/app/resources/win32/components/wch/toolchain/risc-v embedded gcc/bin/../lib/gcc/riscv-none-embed/8.2.0/../../../../riscv-none-embed/lib/rv32imac/ilp32\libm.a(lib_a-s_copysign.o)
                              i:/programming/ch32/mounriver_studio2/resources/app/resources/win32/components/wch/toolchain/risc-v embedded gcc/bin/../lib/gcc/riscv-none-embed/8.2.0/../../../../riscv-none-embed/lib/rv32imac/ilp32\libm.a(lib_a-s_scalbn.o) (copysign)
i:/programming/ch32/mounriver_studio2/resources/app/resources/win32/components/wch/toolchain/risc-v embedded gcc/bin/../lib/gcc/riscv-none-embed/8.2.0/rv32imac/ilp32\libgcc.a(adddf3.o)
                              i:/programming/ch32/mounriver_studio2/resources/app/resources/win32/components/wch/toolchain/risc-v embedded gcc/bin/../lib/gcc/riscv-none-embed/8.2.0/../../../../riscv-none-embed/lib/rv32imac/ilp32\libm.a(lib_a-e_rem_pio2.o) (__adddf3)
i:/programming/ch32/mounriver_studio2/resources/app/resources/win32/components/wch/toolchain/risc-v embedded gcc/bin/../lib/gcc/riscv-none-embed/8.2.0/rv32imac/ilp32\libgcc.a(eqdf2.o)
[...]
Memory Configuration

Name             Origin             Length             Attributes
FLASH            0x0000000000000000 0x0000000000048000 xr
RAM              0x0000000020000000 0x0000000000008000 xrw
*default*        0x0000000000000000 0xffffffffffffffff

Linker script and memory map

LOAD ./User/ch32v30x_it.o
LOAD ./User/main.o
LOAD ./User/system_ch32v30x.o
LOAD ./Startup/startup_ch32v30x_D8C.o
LOAD ./Peripheral/src/ch32v30x_adc.o
LOAD ./Peripheral/src/ch32v30x_bkp.o
LOAD ./Peripheral/src/ch32v30x_can.o
LOAD ./Peripheral/src/ch32v30x_crc.o
LOAD ./Peripheral/src/ch32v30x_dac.o
LOAD ./Peripheral/src/ch32v30x_dbgmcu.o
LOAD ./Peripheral/src/ch32v30x_dma.o
LOAD ./Peripheral/src/ch32v30x_dvp.o
LOAD ./Peripheral/src/ch32v30x_eth.o
LOAD ./Peripheral/src/ch32v30x_exti.o
LOAD ./Peripheral/src/ch32v30x_flash.o
LOAD ./Peripheral/src/ch32v30x_fsmc.o
LOAD ./Peripheral/src/ch32v30x_gpio.o
LOAD ./Peripheral/src/ch32v30x_i2c.o
LOAD ./Peripheral/src/ch32v30x_iwdg.o
LOAD ./Peripheral/src/ch32v30x_misc.o
LOAD ./Peripheral/src/ch32v30x_opa.o
LOAD ./Peripheral/src/ch32v30x_pwr.o
LOAD ./Peripheral/src/ch32v30x_rcc.o
LOAD ./Peripheral/src/ch32v30x_rng.o
LOAD ./Peripheral/src/ch32v30x_rtc.o
LOAD ./Peripheral/src/ch32v30x_sdio.o
LOAD ./Peripheral/src/ch32v30x_spi.o
LOAD ./Peripheral/src/ch32v30x_tim.o
LOAD ./Peripheral/src/ch32v30x_usart.o
LOAD ./Peripheral/src/ch32v30x_wwdg.o
LOAD ./General_Files/drivers/I2C_soft.o
LOAD ./General_Files/drivers/KeyPress.o
LOAD ./General_Files/drivers/SSD1306.o
LOAD ./General_Files/system.o
LOAD ./Debug/debug.o
LOAD ./Core/core_riscv.o
LOAD i:/programming/ch32/mounriver_studio2/resources/app/resources/win32/components/wch/toolchain/risc-v embedded gcc/bin/../lib/gcc/riscv-none-embed/8.2.0/../../../../riscv-none-embed/lib/rv32imac/ilp32\libm.a
LOAD i:/programming/ch32/mounriver_studio2/resources/app/resources/win32/components/wch/toolchain/risc-v embedded gcc/bin/../lib/gcc/riscv-none-embed/8.2.0/rv32imac/ilp32\libgcc.a
LOAD i:/programming/ch32/mounriver_studio2/resources/app/resources/win32/components/wch/toolchain/risc-v embedded gcc/bin/../lib/gcc/riscv-none-embed/8.2.0/../../../../riscv-none-embed/lib/rv32imac/ilp32\libg_nano.a
LOAD i:/programming/ch32/mounriver_studio2/resources/app/resources/win32/components/wch/toolchain/risc-v embedded gcc/bin/../lib/gcc/riscv-none-embed/8.2.0/../../../../riscv-none-embed/lib/rv32imac/ilp32\libc_nano.a
LOAD i:/programming/ch32/mounriver_studio2/resources/app/resources/win32/components/wch/toolchain/risc-v embedded gcc/bin/../lib/gcc/riscv-none-embed/8.2.0/rv32imac/ilp32\libgcc.a
START GROUP
LOAD i:/programming/ch32/mounriver_studio2/resources/app/resources/win32/components/wch/toolchain/risc-v embedded gcc/bin/../lib/gcc/riscv-none-embed/8.2.0/rv32imac/ilp32\libgcc.a
LOAD i:/programming/ch32/mounriver_studio2/resources/app/resources/win32/components/wch/toolchain/risc-v embedded gcc/bin/../lib/gcc/riscv-none-embed/8.2.0/../../../../riscv-none-embed/lib/rv32imac/ilp32\libc_nano.a
LOAD i:/programming/ch32/mounriver_studio2/resources/app/resources/win32/components/wch/toolchain/risc-v embedded gcc/bin/../lib/gcc/riscv-none-embed/8.2.0/../../../../riscv-none-embed/lib/rv32imac/ilp32\libnosys.a
END GROUP
START GROUP
LOAD i:/programming/ch32/mounriver_studio2/resources/app/resources/win32/components/wch/toolchain/risc-v embedded gcc/bin/../lib/gcc/riscv-none-embed/8.2.0/rv32imac/ilp32\libgcc.a
LOAD i:/programming/ch32/mounriver_studio2/resources/app/resources/win32/components/wch/toolchain/risc-v embedded gcc/bin/../lib/gcc/riscv-none-embed/8.2.0/../../../../riscv-none-embed/lib/rv32imac/ilp32\libc_nano.a
LOAD i:/programming/ch32/mounriver_studio2/resources/app/resources/win32/components/wch/toolchain/risc-v embedded gcc/bin/../lib/gcc/riscv-none-embed/8.2.0/../../../../riscv-none-embed/lib/rv32imac/ilp32\libnosys.a
END GROUP
                0x0000000000000800                __stack_size = 0x800
                [!provide]                        PROVIDE (_stack_size = __stack_size)

.init           0x0000000000000000       0x38
                0x0000000000000000                _sinit = .
                0x0000000000000000                . = ALIGN (0x4)
 *(SORT_NONE(.init))
 .init          0x0000000000000000       0x38 ./Startup/startup_ch32v30x_D8C.o
                0x0000000000000000                _start
                0x0000000000000038                . = ALIGN (0x4)
                0x0000000000000038                _einit = .

.vector         0x0000000000000038      0x1c8
 *(.vector)
 .vector        0x0000000000000038      0x1a0 ./Startup/startup_ch32v30x_D8C.o
                0x0000000000000200                . = ALIGN (0x40)
 *fill*         0x00000000000001d8       0x28 

.text           0x0000000000000200     0x3018
                0x0000000000000200                . = ALIGN (0x4)
 *(.text)
 .text          0x0000000000000200       0xa8 i:/programming/ch32/mounriver_studio2/resources/app/resources/win32/components/wch/toolchain/risc-v embedded gcc/bin/../lib/gcc/riscv-none-embed/8.2.0/../../../../riscv-none-embed/lib/rv32imac/ilp32\libg_nano.a(lib_a-memset.o)
                0x0000000000000200                memset
 *(.text.*)
 .text.NMI_Handler
                0x00000000000002a8        0x4 ./User/ch32v30x_it.o
                0x00000000000002a8                NMI_Handler
 .text.HardFault_Handler
                0x00000000000002ac        0x2 ./User/ch32v30x_it.o
                0x00000000000002ac                HardFault_Handler
 .text.startup.main
                0x00000000000002ae       0x40 ./User/main.o
                0x00000000000002ae                main
 .text.SystemInit
                0x00000000000002ee       0xf8 ./User/system_ch32v30x.o
                0x00000000000002ee                SystemInit
 .text.vector_handler
                0x00000000000003e6       0xbe ./Startup/startup_ch32v30x_D8C.o
                0x00000000000003ea                Ecall_M_Mode_Handler
                0x00000000000003ec                Ecall_U_Mode_Handler
                0x00000000000003ee                Break_Point_Handler
                0x00000000000003f0                SysTick_Handler
                0x00000000000003f2                SW_Handler
                0x00000000000003f4                WWDG_IRQHandler
                0x00000000000003f6                PVD_IRQHandler
                0x00000000000003f8                TAMPER_IRQHandler
                0x00000000000003fa                RTC_IRQHandler
                0x00000000000003fc                FLASH_IRQHandler
                0x00000000000003fe                RCC_IRQHandler
                0x0000000000000400                EXTI0_IRQHandler
                0x0000000000000402                EXTI1_IRQHandler
                0x0000000000000404                EXTI2_IRQHandler
                0x0000000000000406                EXTI3_IRQHandler
                0x0000000000000408                EXTI4_IRQHandler
                0x000000000000040a                DMA1_Channel1_IRQHandler
                0x000000000000040c                DMA1_Channel2_IRQHandler
                0x000000000000040e                DMA1_Channel3_IRQHandler
                0x0000000000000410                DMA1_Channel4_IRQHandler
                0x0000000000000412                DMA1_Channel5_IRQHandler
                0x0000000000000414                DMA1_Channel6_IRQHandler
                0x0000000000000416                DMA1_Channel7_IRQHandler
                0x0000000000000418                ADC1_2_IRQHandler
                0x000000000000041a                USB_HP_CAN1_TX_IRQHandler
                0x000000000000041c                USB_LP_CAN1_RX0_IRQHandler
                0x000000000000041e                CAN1_RX1_IRQHandler
                0x0000000000000420                CAN1_SCE_IRQHandler
                0x0000000000000422                EXTI9_5_IRQHandler
                0x0000000000000424                TIM1_BRK_IRQHandler
                0x0000000000000426                TIM1_UP_IRQHandler
                0x0000000000000428                TIM1_TRG_COM_IRQHandler
                0x000000000000042a                TIM1_CC_IRQHandler
                0x000000000000042e                TIM3_IRQHandler
                0x0000000000000430                TIM4_IRQHandler
                0x0000000000000432                I2C1_EV_IRQHandler
                0x0000000000000434                I2C1_ER_IRQHandler
                0x0000000000000436                I2C2_EV_IRQHandler
                0x0000000000000438                I2C2_ER_IRQHandler
                0x000000000000043a                SPI1_IRQHandler
                0x000000000000043c                SPI2_IRQHandler
                0x000000000000043e                USART1_IRQHandler
                0x0000000000000440                USART2_IRQHandler
                0x0000000000000442                USART3_IRQHandler
                0x0000000000000444                EXTI15_10_IRQHandler
                0x0000000000000446                RTCAlarm_IRQHandler
                0x0000000000000448                USBWakeUp_IRQHandler
                0x000000000000044a                TIM8_BRK_IRQHandler
                0x000000000000044c                TIM8_UP_IRQHandler
                0x000000000000044e                TIM8_TRG_COM_IRQHandler
                0x0000000000000450                TIM8_CC_IRQHandler
                0x0000000000000452                RNG_IRQHandler
                0x0000000000000454                FSMC_IRQHandler
                0x0000000000000456                SDIO_IRQHandler
                0x0000000000000458                TIM5_IRQHandler
                0x000000000000045a                SPI3_IRQHandler
                0x000000000000045c                UART4_IRQHandler
                0x000000000000045e                UART5_IRQHandler
                0x0000000000000460                TIM6_IRQHandler
                0x0000000000000462                TIM7_IRQHandler
                0x0000000000000464                DMA2_Channel1_IRQHandler
                0x0000000000000466                DMA2_Channel2_IRQHandler
                0x0000000000000468                DMA2_Channel3_IRQHandler
                0x000000000000046a                DMA2_Channel4_IRQHandler
                0x000000000000046c                DMA2_Channel5_IRQHandler
                0x000000000000046e                ETH_IRQHandler
                0x0000000000000470                ETH_WKUP_IRQHandler
                0x0000000000000472                CAN2_TX_IRQHandler
                0x0000000000000474                CAN2_RX0_IRQHandler
                0x0000000000000476                CAN2_RX1_IRQHandler
                0x0000000000000478                CAN2_SCE_IRQHandler
                0x000000000000047a                OTG_FS_IRQHandler
                0x000000000000047c                USBHSWakeup_IRQHandler
                0x000000000000047e                USBHS_IRQHandler
                0x0000000000000480                DVP_IRQHandler
                0x0000000000000482                UART6_IRQHandler
                0x0000000000000484                UART7_IRQHandler
                0x0000000000000486                UART8_IRQHandler
                0x0000000000000488                TIM9_BRK_IRQHandler
                0x000000000000048a                TIM9_UP_IRQHandler
                0x000000000000048c                TIM9_TRG_COM_IRQHandler
                0x000000000000048e                TIM9_CC_IRQHandler
                0x0000000000000490                TIM10_BRK_IRQHandler
                0x0000000000000492                TIM10_UP_IRQHandler
                0x0000000000000494                TIM10_TRG_COM_IRQHandler
                0x0000000000000496                TIM10_CC_IRQHandler
                0x0000000000000498                DMA2_Channel6_IRQHandler
                0x000000000000049a                DMA2_Channel7_IRQHandler
                0x000000000000049c                DMA2_Channel8_IRQHandler
                0x000000000000049e                DMA2_Channel9_IRQHandler
                0x00000000000004a0                DMA2_Channel10_IRQHandler
                0x00000000000004a2                DMA2_Channel11_IRQHandler
 .text.handle_reset
                0x00000000000004a4       0x8a ./Startup/startup_ch32v30x_D8C.o
                0x00000000000004a4                handle_reset
 .text.DMA_DeInit
                0x000000000000052e      0x16c ./Peripheral/src/ch32v30x_dma.o
                0x000000000000052e                DMA_DeInit
 .text.DMA_Init
                0x000000000000069a       0x38 ./Peripheral/src/ch32v30x_dma.o
                0x000000000000069a                DMA_Init
 .text.GPIO_Init
                0x00000000000006d2       0xc2 ./Peripheral/src/ch32v30x_gpio.o
                0x00000000000006d2                GPIO_Init
 .text.GPIO_ReadInputDataBit
                0x0000000000000794        0xa ./Peripheral/src/ch32v30x_gpio.o
                0x0000000000000794                GPIO_ReadInputDataBit
 .text.I2C_Init
                0x000000000000079e      0x11a ./Peripheral/src/ch32v30x_i2c.o
                0x000000000000079e                I2C_Init
 .text.I2C_Cmd  0x00000000000008b8       0x1c ./Peripheral/src/ch32v30x_i2c.o
                0x00000000000008b8                I2C_Cmd
 .text.I2C_DMACmd
                0x00000000000008d4       0x22 ./Peripheral/src/ch32v30x_i2c.o
                0x00000000000008d4                I2C_DMACmd
 .text.I2C_GenerateSTART
                0x00000000000008f6       0x1e ./Peripheral/src/ch32v30x_i2c.o
                0x00000000000008f6                I2C_GenerateSTART
 .text.I2C_GenerateSTOP
                0x0000000000000914       0x1e ./Peripheral/src/ch32v30x_i2c.o
                0x0000000000000914                I2C_GenerateSTOP
 .text.I2C_AcknowledgeConfig
                0x0000000000000932       0x1e ./Peripheral/src/ch32v30x_i2c.o
                0x0000000000000932                I2C_AcknowledgeConfig
 .text.I2C_SendData
                0x0000000000000950        0x6 ./Peripheral/src/ch32v30x_i2c.o
                0x0000000000000950                I2C_SendData
 .text.I2C_Send7bitAddress
                0x0000000000000956       0x14 ./Peripheral/src/ch32v30x_i2c.o
                0x0000000000000956                I2C_Send7bitAddress
 .text.I2C_CheckEvent
                0x000000000000096a       0x1a ./Peripheral/src/ch32v30x_i2c.o
                0x000000000000096a                I2C_CheckEvent
 .text.I2C_GetFlagStatus
                0x0000000000000984       0x32 ./Peripheral/src/ch32v30x_i2c.o
                0x0000000000000984                I2C_GetFlagStatus
 .text.NVIC_PriorityGroupConfig
                0x00000000000009b6        0x6 ./Peripheral/src/ch32v30x_misc.o
                0x00000000000009b6                NVIC_PriorityGroupConfig
 .text.NVIC_Init
                0x00000000000009bc       0xb8 ./Peripheral/src/ch32v30x_misc.o
                0x00000000000009bc                NVIC_Init
 .text.RCC_GetClocksFreq
                0x0000000000000a74      0x10e ./Peripheral/src/ch32v30x_rcc.o
                0x0000000000000a74                RCC_GetClocksFreq
 .text.RCC_AHBPeriphClockCmd
                0x0000000000000b82       0x1e ./Peripheral/src/ch32v30x_rcc.o
                0x0000000000000b82                RCC_AHBPeriphClockCmd
 .text.RCC_APB2PeriphClockCmd
                0x0000000000000ba0       0x1e ./Peripheral/src/ch32v30x_rcc.o
                0x0000000000000ba0                RCC_APB2PeriphClockCmd
 .text.RCC_APB1PeriphClockCmd
                0x0000000000000bbe       0x1e ./Peripheral/src/ch32v30x_rcc.o
                0x0000000000000bbe                RCC_APB1PeriphClockCmd
 .text.TIM_TimeBaseInit
                0x0000000000000bdc       0xc0 ./Peripheral/src/ch32v30x_tim.o
                0x0000000000000bdc                TIM_TimeBaseInit
 .text.TIM_Cmd  0x0000000000000c9c       0x1c ./Peripheral/src/ch32v30x_tim.o
                0x0000000000000c9c                TIM_Cmd
 .text.TIM_ITConfig
                0x0000000000000cb8       0x16 ./Peripheral/src/ch32v30x_tim.o
                0x0000000000000cb8                TIM_ITConfig
 .text.TIM_GetITStatus
                0x0000000000000cce       0x1c ./Peripheral/src/ch32v30x_tim.o
                0x0000000000000cce                TIM_GetITStatus
 .text.TIM_ClearITPendingBit
                0x0000000000000cea        0xe ./Peripheral/src/ch32v30x_tim.o
                0x0000000000000cea                TIM_ClearITPendingBit
 .text.USART_Init
                0x0000000000000cf8       0xd8 ./Peripheral/src/ch32v30x_usart.o
                0x0000000000000cf8                USART_Init
 .text.USART_Cmd
                0x0000000000000dd0       0x1c ./Peripheral/src/ch32v30x_usart.o
                0x0000000000000dd0                USART_Cmd
 .text.USART_SendData
                0x0000000000000dec        0xa ./Peripheral/src/ch32v30x_usart.o
                0x0000000000000dec                USART_SendData
 .text.USART_GetFlagStatus
                0x0000000000000df6        0xc ./Peripheral/src/ch32v30x_usart.o
                0x0000000000000df6                USART_GetFlagStatus
 .text.Key_Init
                0x0000000000000e02       0x2a ./General_Files/drivers/KeyPress.o
                0x0000000000000e02                Key_Init
 .text.KeyPress_Init
                0x0000000000000e2c       0x4c ./General_Files/drivers/KeyPress.o
                0x0000000000000e2c                KeyPress_Init
 .text.TIM2_IRQHandler
                0x0000000000000e78      0x108 ./General_Files/drivers/KeyPress.o
                0x0000000000000e78                TIM2_IRQHandler
 .text.I8080_Write_Byte
                0x0000000000000f80       0xc4 ./General_Files/drivers/SSD1306.o
 .text.SSD1306_Pos
                0x0000000000001044       0x2e ./General_Files/drivers/SSD1306.o
 .text.SSD1306_Fill
                0x0000000000001072       0x68 ./General_Files/drivers/SSD1306.o
                0x0000000000001072                SSD1306_Fill
 .text.SSD1306_Init
                0x00000000000010da      0x19c ./General_Files/drivers/SSD1306.o
                0x00000000000010da                SSD1306_Init
 .text.SSD1306_ShowChar
                0x0000000000001276       0xd0 ./General_Files/drivers/SSD1306.o
                0x0000000000001276                SSD1306_ShowChar
 .text.SSD1306_ShowNum
                0x0000000000001346       0xe4 ./General_Files/drivers/SSD1306.o
                0x0000000000001346                SSD1306_ShowNum
 .text.SSD1306_ShowStr
                0x000000000000142a       0xb8 ./General_Files/drivers/SSD1306.o
                0x000000000000142a                SSD1306_ShowStr
 .text.System_Init
                0x00000000000014e2        0xe ./General_Files/system.o
                0x00000000000014e2                System_Init
 .text.System_Loop
                0x00000000000014f0       0xbe ./General_Files/system.o
                0x00000000000014f0                System_Loop
 .text.Delay_Init
                0x00000000000015ae       0x2a ./Debug/debug.o
                0x00000000000015ae                Delay_Init
 .text.Delay_Ms
                0x00000000000015d8       0x36 ./Debug/debug.o
                0x00000000000015d8                Delay_Ms
 .text.USART_Printf_Init
                0x000000000000160e       0x5e ./Debug/debug.o
                0x000000000000160e                USART_Printf_Init
 .text._write   0x000000000000166c       0x50 ./Debug/debug.o
                0x000000000000166c                _write
 .text._sbrk    0x00000000000016bc       0x26 ./Debug/debug.o
                0x00000000000016bc                _sbrk
 .text.printf   0x00000000000016e2       0x40 i:/programming/ch32/mounriver_studio2/resources/app/resources/win32/components/wch/toolchain/risc-v embedded gcc/bin/../lib/gcc/riscv-none-embed/8.2.0/../../../../riscv-none-embed/lib/rv32imac/ilp32\libg_nano.a(lib_a-printf.o)
                0x00000000000016e2                iprintf
                0x00000000000016e2                printf
 .text._puts_r  0x0000000000001722       0xda i:/programming/ch32/mounriver_studio2/resources/app/resources/win32/components/wch/toolchain/risc-v embedded gcc/bin/../lib/gcc/riscv-none-embed/8.2.0/../../../../riscv-none-embed/lib/rv32imac/ilp32\libg_nano.a(lib_a-puts.o)
                0x0000000000001722                _puts_r
 .text.puts     0x00000000000017fc        0xa i:/programming/ch32/mounriver_studio2/resources/app/resources/win32/components/wch/toolchain/risc-v embedded gcc/bin/../lib/gcc/riscv-none-embed/8.2.0/../../../../riscv-none-embed/lib/rv32imac/ilp32\libg_nano.a(lib_a-puts.o)
                0x00000000000017fc                puts
 .text.__swbuf_r
                0x0000000000001806       0xc0 i:/programming/ch32/mounriver_studio2/resources/app/resources/win32/components/wch/toolchain/risc-v embedded gcc/bin/../lib/gcc/riscv-none-embed/8.2.0/../../../../riscv-none-embed/lib/rv32imac/ilp32\libg_nano.a(lib_a-wbuf.o)
                0x0000000000001806                __swbuf_r
 .text.__swsetup_r
                0x00000000000018c6      0x10c i:/programming/ch32/mounriver_studio2/resources/app/resources/win32/components/wch/toolchain/risc-v embedded gcc/bin/../lib/gcc/riscv-none-embed/8.2.0/../../../../riscv-none-embed/lib/rv32imac/ilp32\libg_nano.a(lib_a-wsetup.o)
                0x00000000000018c6                __swsetup_r
 .text.__sflush_r
                0x00000000000019d2      0x13c i:/programming/ch32/mounriver_studio2/resources/app/resources/win32/components/wch/toolchain/risc-v embedded gcc/bin/../lib/gcc/riscv-none-embed/8.2.0/../../../../riscv-none-embed/lib/rv32imac/ilp32\libg_nano.a(lib_a-fflush.o)
                0x00000000000019d2                __sflush_r
 .text._fflush_r
                0x0000000000001b0e       0x64 i:/programming/ch32/mounriver_studio2/resources/app/resources/win32/components/wch/toolchain/risc-v embedded gcc/bin/../lib/gcc/riscv-none-embed/8.2.0/../../../../riscv-none-embed/lib/rv32imac/ilp32\libg_nano.a(lib_a-fflush.o)
                0x0000000000001b0e                _fflush_r
 .text.std      0x0000000000001b72       0x6a i:/programming/ch32/mounriver_studio2/resources/app/resources/win32/components/wch/toolchain/risc-v embedded gcc/bin/../lib/gcc/riscv-none-embed/8.2.0/../../../../riscv-none-embed/lib/rv32imac/ilp32\libg_nano.a(lib_a-findfp.o)
 .text._cleanup_r
                0x0000000000001bdc        0xa i:/programming/ch32/mounriver_studio2/resources/app/resources/win32/components/wch/toolchain/risc-v embedded gcc/bin/../lib/gcc/riscv-none-embed/8.2.0/../../../../riscv-none-embed/lib/rv32imac/ilp32\libg_nano.a(lib_a-findfp.o)
                0x0000000000001bdc                _cleanup_r
 .text.__sfmoreglue
                0x0000000000001be6       0x46 i:/programming/ch32/mounriver_studio2/resources/app/resources/win32/components/wch/toolchain/risc-v embedded gcc/bin/../lib/gcc/riscv-none-embed/8.2.0/../../../../riscv-none-embed/lib/rv32imac/ilp32\libg_nano.a(lib_a-findfp.o)
                0x0000000000001be6                __sfmoreglue
 .text.__sinit  0x0000000000001c2c       0x66 i:/programming/ch32/mounriver_studio2/resources/app/resources/win32/components/wch/toolchain/risc-v embedded gcc/bin/../lib/gcc/riscv-none-embed/8.2.0/../../../../riscv-none-embed/lib/rv32imac/ilp32\libg_nano.a(lib_a-findfp.o)
                0x0000000000001c2c                __sinit
 .text.__sfp    0x0000000000001c92       0x9c i:/programming/ch32/mounriver_studio2/resources/app/resources/win32/components/wch/toolchain/risc-v embedded gcc/bin/../lib/gcc/riscv-none-embed/8.2.0/../../../../riscv-none-embed/lib/rv32imac/ilp32\libg_nano.a(lib_a-findfp.o)
                0x0000000000001c92                __sfp
 .text._fwalk_reent
                0x0000000000001d2e       0x6c i:/programming/ch32/mounriver_studio2/resources/app/resources/win32/components/wch/toolchain/risc-v embedded gcc/bin/../lib/gcc/riscv-none-embed/8.2.0/../../../../riscv-none-embed/lib/rv32imac/ilp32\libg_nano.a(lib_a-fwalk.o)
                0x0000000000001d2e                _fwalk_reent
 .text.__swhatbuf_r
                0x0000000000001d9a       0x5a i:/programming/ch32/mounriver_studio2/resources/app/resources/win32/components/wch/toolchain/risc-v embedded gcc/bin/../lib/gcc/riscv-none-embed/8.2.0/../../../../riscv-none-embed/lib/rv32imac/ilp32\libg_nano.a(lib_a-makebuf.o)
                0x0000000000001d9a                __swhatbuf_r
 .text.__smakebuf_r
                0x0000000000001df4       0x9e i:/programming/ch32/mounriver_studio2/resources/app/resources/win32/components/wch/toolchain/risc-v embedded gcc/bin/../lib/gcc/riscv-none-embed/8.2.0/../../../../riscv-none-embed/lib/rv32imac/ilp32\libg_nano.a(lib_a-makebuf.o)
                0x0000000000001df4                __smakebuf_r
 .text._free_r  0x0000000000001e92       0xa8 i:/programming/ch32/mounriver_studio2/resources/app/resources/win32/components/wch/toolchain/risc-v embedded gcc/bin/../lib/gcc/riscv-none-embed/8.2.0/../../../../riscv-none-embed/lib/rv32imac/ilp32\libg_nano.a(lib_a-nano-freer.o)
                0x0000000000001e92                _free_r
 .text._malloc_r
                0x0000000000001f3a       0xd4 i:/programming/ch32/mounriver_studio2/resources/app/resources/win32/components/wch/toolchain/risc-v embedded gcc/bin/../lib/gcc/riscv-none-embed/8.2.0/../../../../riscv-none-embed/lib/rv32imac/ilp32\libg_nano.a(lib_a-nano-mallocr.o)
                0x0000000000001f3a                _malloc_r
 .text.__sfputc_r
                0x000000000000200e       0x2a i:/programming/ch32/mounriver_studio2/resources/app/resources/win32/components/wch/toolchain/risc-v embedded gcc/bin/../lib/gcc/riscv-none-embed/8.2.0/../../../../riscv-none-embed/lib/rv32imac/ilp32\libg_nano.a(lib_a-nano-vfprintf.o)
 .text.__sfputs_r
                0x0000000000002038       0x42 i:/programming/ch32/mounriver_studio2/resources/app/resources/win32/components/wch/toolchain/risc-v embedded gcc/bin/../lib/gcc/riscv-none-embed/8.2.0/../../../../riscv-none-embed/lib/rv32imac/ilp32\libg_nano.a(lib_a-nano-vfprintf.o)
                0x0000000000002038                __sfputs_r
 .text._vfprintf_r
                0x000000000000207a      0x29a i:/programming/ch32/mounriver_studio2/resources/app/resources/win32/components/wch/toolchain/risc-v embedded gcc/bin/../lib/gcc/riscv-none-embed/8.2.0/../../../../riscv-none-embed/lib/rv32imac/ilp32\libg_nano.a(lib_a-nano-vfprintf.o)
                0x000000000000207a                _vfprintf_r
                0x000000000000207a                _vfiprintf_r
 .text._printf_common
                0x0000000000002314      0x10c i:/programming/ch32/mounriver_studio2/resources/app/resources/win32/components/wch/toolchain/risc-v embedded gcc/bin/../lib/gcc/riscv-none-embed/8.2.0/../../../../riscv-none-embed/lib/rv32imac/ilp32\libg_nano.a(lib_a-nano-vfprintf_i.o)
                0x0000000000002314                _printf_common
 .text._printf_i
                0x0000000000002420      0x2a8 i:/programming/ch32/mounriver_studio2/resources/app/resources/win32/components/wch/toolchain/risc-v embedded gcc/bin/../lib/gcc/riscv-none-embed/8.2.0/../../../../riscv-none-embed/lib/rv32imac/ilp32\libg_nano.a(lib_a-nano-vfprintf_i.o)
                0x0000000000002420                _printf_i
 .text._sbrk_r  0x00000000000026c8       0x2a i:/programming/ch32/mounriver_studio2/resources/app/resources/win32/components/wch/toolchain/risc-v embedded gcc/bin/../lib/gcc/riscv-none-embed/8.2.0/../../../../riscv-none-embed/lib/rv32imac/ilp32\libg_nano.a(lib_a-sbrkr.o)
                0x00000000000026c8                _sbrk_r
 .text.__sread  0x00000000000026f2       0x30 i:/programming/ch32/mounriver_studio2/resources/app/resources/win32/components/wch/toolchain/risc-v embedded gcc/bin/../lib/gcc/riscv-none-embed/8.2.0/../../../../riscv-none-embed/lib/rv32imac/ilp32\libg_nano.a(lib_a-stdio.o)
                0x00000000000026f2                __sread
 .text.__swrite
                0x0000000000002722       0x4e i:/programming/ch32/mounriver_studio2/resources/app/resources/win32/components/wch/toolchain/risc-v embedded gcc/bin/../lib/gcc/riscv-none-embed/8.2.0/../../../../riscv-none-embed/lib/rv32imac/ilp32\libg_nano.a(lib_a-stdio.o)
                0x0000000000002722                __swrite
 .text.__sseek  0x0000000000002770       0x36 i:/programming/ch32/mounriver_studio2/resources/app/resources/win32/components/wch/toolchain/risc-v embedded gcc/bin/../lib/gcc/riscv-none-embed/8.2.0/../../../../riscv-none-embed/lib/rv32imac/ilp32\libg_nano.a(lib_a-stdio.o)
                0x0000000000002770                __sseek
 .text.__sclose
                0x00000000000027a6        0x6 i:/programming/ch32/mounriver_studio2/resources/app/resources/win32/components/wch/toolchain/risc-v embedded gcc/bin/../lib/gcc/riscv-none-embed/8.2.0/../../../../riscv-none-embed/lib/rv32imac/ilp32\libg_nano.a(lib_a-stdio.o)
                0x00000000000027a6                __sclose
 .text._write_r
                0x00000000000027ac       0x2e i:/programming/ch32/mounriver_studio2/resources/app/resources/win32/components/wch/toolchain/risc-v embedded gcc/bin/../lib/gcc/riscv-none-embed/8.2.0/../../../../riscv-none-embed/lib/rv32imac/ilp32\libg_nano.a(lib_a-writer.o)
                0x00000000000027ac                _write_r
 .text._close_r
                0x00000000000027da       0x28 i:/programming/ch32/mounriver_studio2/resources/app/resources/win32/components/wch/toolchain/risc-v embedded gcc/bin/../lib/gcc/riscv-none-embed/8.2.0/../../../../riscv-none-embed/lib/rv32imac/ilp32\libg_nano.a(lib_a-closer.o)
                0x00000000000027da                _close_r
 .text._fstat_r
                0x0000000000002802       0x2a i:/programming/ch32/mounriver_studio2/resources/app/resources/win32/components/wch/toolchain/risc-v embedded gcc/bin/../lib/gcc/riscv-none-embed/8.2.0/../../../../riscv-none-embed/lib/rv32imac/ilp32\libg_nano.a(lib_a-fstatr.o)
                0x0000000000002802                _fstat_r
 .text._isatty_r
                0x000000000000282c       0x28 i:/programming/ch32/mounriver_studio2/resources/app/resources/win32/components/wch/toolchain/risc-v embedded gcc/bin/../lib/gcc/riscv-none-embed/8.2.0/../../../../riscv-none-embed/lib/rv32imac/ilp32\libg_nano.a(lib_a-isattyr.o)
                0x000000000000282c                _isatty_r
 .text._lseek_r
                0x0000000000002854       0x2c i:/programming/ch32/mounriver_studio2/resources/app/resources/win32/components/wch/toolchain/risc-v embedded gcc/bin/../lib/gcc/riscv-none-embed/8.2.0/../../../../riscv-none-embed/lib/rv32imac/ilp32\libg_nano.a(lib_a-lseekr.o)
                0x0000000000002854                _lseek_r
 .text.memchr   0x0000000000002880       0x1a i:/programming/ch32/mounriver_studio2/resources/app/resources/win32/components/wch/toolchain/risc-v embedded gcc/bin/../lib/gcc/riscv-none-embed/8.2.0/../../../../riscv-none-embed/lib/rv32imac/ilp32\libg_nano.a(lib_a-memchr.o)
                0x0000000000002880                memchr
 .text.__malloc_lock
                0x000000000000289a        0x2 i:/programming/ch32/mounriver_studio2/resources/app/resources/win32/components/wch/toolchain/risc-v embedded gcc/bin/../lib/gcc/riscv-none-embed/8.2.0/../../../../riscv-none-embed/lib/rv32imac/ilp32\libg_nano.a(lib_a-mlock.o)
                0x000000000000289a                __malloc_lock
 .text.__malloc_unlock
                0x000000000000289c        0x2 i:/programming/ch32/mounriver_studio2/resources/app/resources/win32/components/wch/toolchain/risc-v embedded gcc/bin/../lib/gcc/riscv-none-embed/8.2.0/../../../../riscv-none-embed/lib/rv32imac/ilp32\libg_nano.a(lib_a-mlock.o)
                0x000000000000289c                __malloc_unlock
 .text._read_r  0x000000000000289e       0x2c i:/programming/ch32/mounriver_studio2/resources/app/resources/win32/components/wch/toolchain/risc-v embedded gcc/bin/../lib/gcc/riscv-none-embed/8.2.0/../../../../riscv-none-embed/lib/rv32imac/ilp32\libg_nano.a(lib_a-readr.o)
                0x000000000000289e                _read_r
 .text._close   0x00000000000028ca        0xc i:/programming/ch32/mounriver_studio2/resources/app/resources/win32/components/wch/toolchain/risc-v embedded gcc/bin/../lib/gcc/riscv-none-embed/8.2.0/../../../../riscv-none-embed/lib/rv32imac/ilp32\libnosys.a(close.o)
                0x00000000000028ca                _close
 .text._fstat   0x00000000000028d6        0xc i:/programming/ch32/mounriver_studio2/resources/app/resources/win32/components/wch/toolchain/risc-v embedded gcc/bin/../lib/gcc/riscv-none-embed/8.2.0/../../../../riscv-none-embed/lib/rv32imac/ilp32\libnosys.a(fstat.o)
                0x00000000000028d6                _fstat
 .text._isatty  0x00000000000028e2        0xc i:/programming/ch32/mounriver_studio2/resources/app/resources/win32/components/wch/toolchain/risc-v embedded gcc/bin/../lib/gcc/riscv-none-embed/8.2.0/../../../../riscv-none-embed/lib/rv32imac/ilp32\libnosys.a(isatty.o)
                0x00000000000028e2                _isatty
 .text._lseek   0x00000000000028ee        0xc i:/programming/ch32/mounriver_studio2/resources/app/resources/win32/components/wch/toolchain/risc-v embedded gcc/bin/../lib/gcc/riscv-none-embed/8.2.0/../../../../riscv-none-embed/lib/rv32imac/ilp32\libnosys.a(lseek.o)
                0x00000000000028ee                _lseek
 .text._read    0x00000000000028fa        0xc i:/programming/ch32/mounriver_studio2/resources/app/resources/win32/components/wch/toolchain/risc-v embedded gcc/bin/../lib/gcc/riscv-none-embed/8.2.0/../../../../riscv-none-embed/lib/rv32imac/ilp32\libnosys.a(read.o)
                0x00000000000028fa                _read
 *(.rodata)
 *(.rodata*)
 *fill*         0x0000000000002906        0x2 
 .rodata.main.str1.4
                0x0000000000002908       0x28 ./User/main.o
 .rodata.ASCII6x8
                0x0000000000002930      0x228 ./General_Files/drivers/SSD1306.o
                0x0000000000002930                ASCII6x8
 .rodata.ASCII8x16
                0x0000000000002b58      0x5f0 ./General_Files/drivers/SSD1306.o
                0x0000000000002b58                ASCII8x16
 .rodata.System_Loop.str1.4
                0x0000000000003148       0x34 ./General_Files/system.o
 .rodata.__sf_fake_stderr
                0x000000000000317c       0x20 i:/programming/ch32/mounriver_studio2/resources/app/resources/win32/components/wch/toolchain/risc-v embedded gcc/bin/../lib/gcc/riscv-none-embed/8.2.0/../../../../riscv-none-embed/lib/rv32imac/ilp32\libg_nano.a(lib_a-findfp.o)
                0x000000000000317c                __sf_fake_stderr
 .rodata.__sf_fake_stdin
                0x000000000000319c       0x20 i:/programming/ch32/mounriver_studio2/resources/app/resources/win32/components/wch/toolchain/risc-v embedded gcc/bin/../lib/gcc/riscv-none-embed/8.2.0/../../../../riscv-none-embed/lib/rv32imac/ilp32\libg_nano.a(lib_a-findfp.o)
                0x000000000000319c                __sf_fake_stdin
 .rodata.__sf_fake_stdout
                0x00000000000031bc       0x20 i:/programming/ch32/mounriver_studio2/resources/app/resources/win32/components/wch/toolchain/risc-v embedded gcc/bin/../lib/gcc/riscv-none-embed/8.2.0/../../../../riscv-none-embed/lib/rv32imac/ilp32\libg_nano.a(lib_a-findfp.o)
                0x00000000000031bc                __sf_fake_stdout
 .rodata._vfprintf_r.str1.4
                0x00000000000031dc       0x13 i:/programming/ch32/mounriver_studio2/resources/app/resources/win32/components/wch/toolchain/risc-v embedded gcc/bin/../lib/gcc/riscv-none-embed/8.2.0/../../../../riscv-none-embed/lib/rv32imac/ilp32\libg_nano.a(lib_a-nano-vfprintf.o)
 *fill*         0x00000000000031ef        0x1 
 .rodata._printf_i.str1.4
                0x00000000000031f0       0x28 i:/programming/ch32/mounriver_studio2/resources/app/resources/win32/components/wch/toolchain/risc-v embedded gcc/bin/../lib/gcc/riscv-none-embed/8.2.0/../../../../riscv-none-embed/lib/rv32imac/ilp32\libg_nano.a(lib_a-nano-vfprintf_i.o)
                                         0x25 (size before relaxing)
 *(.glue_7)
 *(.glue_7t)
 *(.gnu.linkonce.t.*)
                0x0000000000003218                . = ALIGN (0x4)

.rela.dyn       0x0000000000003218        0x0
 .rela.init     0x0000000000003218        0x0 ./User/ch32v30x_it.o
 .rela.vector   0x0000000000003218        0x0 ./User/ch32v30x_it.o
 .rela.text.handle_reset
                0x0000000000003218        0x0 ./User/ch32v30x_it.o
 .rela.text.TIM2_IRQHandler
                0x0000000000003218        0x0 ./User/ch32v30x_it.o
 .rela.text.System_Loop
                0x0000000000003218        0x0 ./User/ch32v30x_it.o
 .rela.text._sbrk
                0x0000000000003218        0x0 ./User/ch32v30x_it.o
 .rela.sdata.curbrk.5213
                0x0000000000003218        0x0 ./User/ch32v30x_it.o
 .rela.text._vfprintf_r
                0x0000000000003218        0x0 ./User/ch32v30x_it.o
 .rela.text._sbrk_r
                0x0000000000003218        0x0 ./User/ch32v30x_it.o
 .rela.text._write_r
                0x0000000000003218        0x0 ./User/ch32v30x_it.o
 .rela.text._close_r
                0x0000000000003218        0x0 ./User/ch32v30x_it.o
 .rela.text._fstat_r
                0x0000000000003218        0x0 ./User/ch32v30x_it.o
 .rela.text._isatty_r
                0x0000000000003218        0x0 ./User/ch32v30x_it.o
 .rela.text._lseek_r
                0x0000000000003218        0x0 ./User/ch32v30x_it.o
 .rela.text._read_r
                0x0000000000003218        0x0 ./User/ch32v30x_it.o
 .rela.text._close
                0x0000000000003218        0x0 ./User/ch32v30x_it.o
 .rela.text._fstat
                0x0000000000003218        0x0 ./User/ch32v30x_it.o
 .rela.text._isatty
                0x0000000000003218        0x0 ./User/ch32v30x_it.o
 .rela.text._lseek
                0x0000000000003218        0x0 ./User/ch32v30x_it.o
 .rela.text._read
                0x0000000000003218        0x0 ./User/ch32v30x_it.o

.fini           0x0000000000003218        0x0
 *(SORT_NONE(.fini))
                0x0000000000003218                . = ALIGN (0x4)
                [!provide]                        PROVIDE (_etext = .)
                [!provide]                        PROVIDE (_eitcm = .)

.preinit_array  0x0000000000003218        0x0
                [!provide]                        PROVIDE (__preinit_array_start = .)
 *(.preinit_array)
                [!provide]                        PROVIDE (__preinit_array_end = .)

.init_array     0x0000000000003218        0x0
                [!provide]                        PROVIDE (__init_array_start = .)
 *(SORT_BY_INIT_PRIORITY(.init_array.*) SORT_BY_INIT_PRIORITY(.ctors.*))
 *(.init_array EXCLUDE_FILE(*crtend?.o *crtend.o *crtbegin?.o *crtbegin.o) .ctors)
                [!provide]                        PROVIDE (__init_array_end = .)

.fini_array     0x0000000000003218        0x0
                [!provide]                        PROVIDE (__fini_array_start = .)
 *(SORT_BY_INIT_PRIORITY(.fini_array.*) SORT_BY_INIT_PRIORITY(.dtors.*))
 *(.fini_array EXCLUDE_FILE(*crtend?.o *crtend.o *crtbegin?.o *crtbegin.o) .dtors)
                [!provide]                        PROVIDE (__fini_array_end = .)

.ctors
 *crtbegin.o(.ctors)
 *crtbegin?.o(.ctors)
 *(EXCLUDE_FILE(*crtend?.o *crtend.o) .ctors)
 *(SORT_BY_NAME(.ctors.*))
 *(.ctors)

.dtors
 *crtbegin.o(.dtors)
 *crtbegin?.o(.dtors)
 *(EXCLUDE_FILE(*crtend?.o *crtend.o) .dtors)
 *(SORT_BY_NAME(.dtors.*))
 *(.dtors)

.dalign         0x0000000020000000        0x0 load address 0x0000000000003218
                0x0000000020000000                . = ALIGN (0x4)
                0x0000000020000000                PROVIDE (_data_vma = .)

.dlalign        0x0000000000003218        0x0
                0x0000000000003218                . = ALIGN (0x4)
                0x0000000000003218                PROVIDE (_data_lma = .)

.data           0x0000000020000000       0x88 load address 0x0000000000003218
 *(.gnu.linkonce.r.*)
 *(.data .data.*)
 .data.APBAHBPrescTable
                0x0000000020000000       0x10 ./Peripheral/src/ch32v30x_rcc.o
 .data.impure_data
                0x0000000020000010       0x60 i:/programming/ch32/mounriver_studio2/resources/app/resources/win32/components/wch/toolchain/risc-v embedded gcc/bin/../lib/gcc/riscv-none-embed/8.2.0/../../../../riscv-none-embed/lib/rv32imac/ilp32\libg_nano.a(lib_a-impure.o)
 *(.gnu.linkonce.d.*)
                0x0000000020000070                . = ALIGN (0x8)
                0x0000000020000870                PROVIDE (__global_pointer$ = (. + 0x800))
 *(.sdata .sdata.*)
 .sdata.SystemCoreClock
                0x0000000020000070        0x4 ./User/system_ch32v30x.o
                0x0000000020000070                SystemCoreClock
 .sdata.ADCPrescTable
                0x0000000020000074        0x4 ./Peripheral/src/ch32v30x_rcc.o
 .sdata.curbrk.5213
                0x0000000020000078        0x4 ./Debug/debug.o
 .sdata._impure_ptr
                0x000000002000007c        0x4 i:/programming/ch32/mounriver_studio2/resources/app/resources/win32/components/wch/toolchain/risc-v embedded gcc/bin/../lib/gcc/riscv-none-embed/8.2.0/../../../../riscv-none-embed/lib/rv32imac/ilp32\libg_nano.a(lib_a-impure.o)
                0x000000002000007c                _impure_ptr
 *(.sdata2.*)
 .sdata2._global_impure_ptr
                0x0000000020000080        0x4 i:/programming/ch32/mounriver_studio2/resources/app/resources/win32/components/wch/toolchain/risc-v embedded gcc/bin/../lib/gcc/riscv-none-embed/8.2.0/../../../../riscv-none-embed/lib/rv32imac/ilp32\libg_nano.a(lib_a-impure.o)
                0x0000000020000080                _global_impure_ptr
 *(.gnu.linkonce.s.*)
                0x0000000020000088                . = ALIGN (0x8)
 *fill*         0x0000000020000084        0x4 
 *(.srodata.cst16)
 *(.srodata.cst8)
 *(.srodata.cst4)
 *(.srodata.cst2)
 *(.srodata .srodata.*)
                0x0000000020000088                . = ALIGN (0x4)
                0x0000000020000088                PROVIDE (_edata = .)

.bss            0x0000000020000088       0x28 load address 0x00000000000032a0
                0x0000000020000088                . = ALIGN (0x4)
                0x0000000020000088                PROVIDE (_sbss = .)
 *(.sbss*)
 .sbss.NVIC_Priority_Group
                0x0000000020000088        0x4 ./Peripheral/src/ch32v30x_misc.o
                0x0000000020000088                NVIC_Priority_Group
 .sbss.count    0x000000002000008c        0x1 ./General_Files/drivers/KeyPress.o
                0x000000002000008c                count
 .sbss.press_flag
                0x000000002000008d        0x1 ./General_Files/drivers/KeyPress.o
                0x000000002000008d                press_flag
 *fill*         0x000000002000008e        0x2 
 .sbss.time     0x0000000020000090        0x4 ./General_Files/drivers/KeyPress.o
                0x0000000020000090                time
 .sbss.timeEN   0x0000000020000094        0x1 ./General_Files/drivers/KeyPress.o
                0x0000000020000094                timeEN
 *fill*         0x0000000020000095        0x1 
 .sbss.p_ms     0x0000000020000096        0x2 ./Debug/debug.o
 .sbss.p_us     0x0000000020000098        0x1 ./Debug/debug.o
 *fill*         0x0000000020000099        0x3 
 .sbss.__malloc_free_list
                0x000000002000009c        0x4 i:/programming/ch32/mounriver_studio2/resources/app/resources/win32/components/wch/toolchain/risc-v embedded gcc/bin/../lib/gcc/riscv-none-embed/8.2.0/../../../../riscv-none-embed/lib/rv32imac/ilp32\libg_nano.a(lib_a-nano-mallocr.o)
                0x000000002000009c                __malloc_free_list
 .sbss.__malloc_sbrk_start
                0x00000000200000a0        0x4 i:/programming/ch32/mounriver_studio2/resources/app/resources/win32/components/wch/toolchain/risc-v embedded gcc/bin/../lib/gcc/riscv-none-embed/8.2.0/../../../../riscv-none-embed/lib/rv32imac/ilp32\libg_nano.a(lib_a-nano-mallocr.o)
                0x00000000200000a0                __malloc_sbrk_start
 *(.gnu.linkonce.sb.*)
 *(.bss*)
 *(.gnu.linkonce.b.*)
 *(COMMON*)
 COMMON         0x00000000200000a4        0x8 ./General_Files/drivers/KeyPress.o
                0x00000000200000a4                press_time
                0x00000000200000a8                press_result
 COMMON         0x00000000200000ac        0x4 i:/programming/ch32/mounriver_studio2/resources/app/resources/win32/components/wch/toolchain/risc-v embedded gcc/bin/../lib/gcc/riscv-none-embed/8.2.0/../../../../riscv-none-embed/lib/rv32imac/ilp32\libg_nano.a(lib_a-reent.o)
                0x00000000200000ac                errno
                0x00000000200000b0                . = ALIGN (0x4)
                0x00000000200000b0                PROVIDE (_ebss = .)
                0x00000000200000b0                PROVIDE (_end = _ebss)
                [!provide]                        PROVIDE (end = .)

.stack          0x0000000020007800      0x800
                0x0000000020007800                PROVIDE (_heap_end = .)
                0x0000000020007800                . = ALIGN (0x4)
                [!provide]                        PROVIDE (_susrstack = .)
                0x0000000020008000                . = (. + __stack_size)
 *fill*         0x0000000020007800      0x800 
                0x0000000020008000                PROVIDE (_eusrstack = .)
OUTPUT(SSD1306 OLEDœ‘ æ.elf elf32-littleriscv)

.debug_info     0x0000000000000000    0x10921
 .debug_info    0x0000000000000000      0x962 ./User/ch32v30x_it.o
 .debug_info    0x0000000000000962      0xa1e ./User/main.o
 .debug_info    0x0000000000001380      0xb63 ./User/system_ch32v30x.o
 .debug_info    0x0000000000001ee3       0x22 ./Startup/startup_ch32v30x_D8C.o
 .debug_info    0x0000000000001f05      0xd13 ./Peripheral/src/ch32v30x_dma.o
 .debug_info    0x0000000000002c18     0x115e ./Peripheral/src/ch32v30x_gpio.o
 .debug_info    0x0000000000003d76     0x1481 ./Peripheral/src/ch32v30x_i2c.o
 .debug_info    0x00000000000051f7      0xf6d ./Peripheral/src/ch32v30x_misc.o
 .debug_info    0x0000000000006164     0x155d ./Peripheral/src/ch32v30x_rcc.o
 .debug_info    0x00000000000076c1     0x2a18 ./Peripheral/src/ch32v30x_tim.o
 .debug_info    0x000000000000a0d9     0x1420 ./Peripheral/src/ch32v30x_usart.o
 .debug_info    0x000000000000b4f9     0x1298 ./General_Files/drivers/KeyPress.o
 .debug_info    0x000000000000c791     0x2771 ./General_Files/drivers/SSD1306.o
 .debug_info    0x000000000000ef02      0xb03 ./General_Files/system.o
 .debug_info    0x000000000000fa05      0xf1c ./Debug/debug.o

.debug_abbrev   0x0000000000000000     0x2b60
 .debug_abbrev  0x0000000000000000      0x1cf ./User/ch32v30x_it.o
 .debug_abbrev  0x00000000000001cf      0x21b ./User/main.o
 .debug_abbrev  0x00000000000003ea      0x2c0 ./User/system_ch32v30x.o
 .debug_abbrev  0x00000000000006aa       0x12 ./Startup/startup_ch32v30x_D8C.o
 .debug_abbrev  0x00000000000006bc      0x2fd ./Peripheral/src/ch32v30x_dma.o
 .debug_abbrev  0x00000000000009b9      0x3e9 ./Peripheral/src/ch32v30x_gpio.o
 .debug_abbrev  0x0000000000000da2      0x3aa ./Peripheral/src/ch32v30x_i2c.o
 .debug_abbrev  0x000000000000114c      0x2fb ./Peripheral/src/ch32v30x_misc.o
 .debug_abbrev  0x0000000000001447      0x351 ./Peripheral/src/ch32v30x_rcc.o
 .debug_abbrev  0x0000000000001798      0x421 ./Peripheral/src/ch32v30x_tim.o
 .debug_abbrev  0x0000000000001bb9      0x325 ./Peripheral/src/ch32v30x_usart.o
 .debug_abbrev  0x0000000000001ede      0x29c ./General_Files/drivers/KeyPress.o
 .debug_abbrev  0x000000000000217a      0x4cb ./General_Files/drivers/SSD1306.o
 .debug_abbrev  0x0000000000002645      0x222 ./General_Files/system.o
 .debug_abbrev  0x0000000000002867      0x2f9 ./Debug/debug.o

.debug_aranges  0x0000000000000000      0x9b8
 .debug_aranges
                0x0000000000000000       0x28 ./User/ch32v30x_it.o
 .debug_aranges
                0x0000000000000028       0x20 ./User/main.o
 .debug_aranges
                0x0000000000000048       0x28 ./User/system_ch32v30x.o
 .debug_aranges
                0x0000000000000070       0x30 ./Startup/startup_ch32v30x_D8C.o
 .debug_aranges
                0x00000000000000a0       0x60 ./Peripheral/src/ch32v30x_dma.o
 .debug_aranges
                0x0000000000000100       0xb0 ./Peripheral/src/ch32v30x_gpio.o
 .debug_aranges
                0x00000000000001b0      0x110 ./Peripheral/src/ch32v30x_i2c.o
 .debug_aranges
                0x00000000000002c0       0x28 ./Peripheral/src/ch32v30x_misc.o
 .debug_aranges
                0x00000000000002e8      0x1a8 ./Peripheral/src/ch32v30x_rcc.o
 .debug_aranges
                0x0000000000000490      0x2d0 ./Peripheral/src/ch32v30x_tim.o
 .debug_aranges
                0x0000000000000760      0x100 ./Peripheral/src/ch32v30x_usart.o
 .debug_aranges
                0x0000000000000860       0x30 ./General_Files/drivers/KeyPress.o
 .debug_aranges
                0x0000000000000890       0xb8 ./General_Files/drivers/SSD1306.o
 .debug_aranges
                0x0000000000000948       0x28 ./General_Files/system.o
 .debug_aranges
                0x0000000000000970       0x48 ./Debug/debug.o

.debug_ranges   0x0000000000000000      0xa30
 .debug_ranges  0x0000000000000000       0x18 ./User/ch32v30x_it.o
 .debug_ranges  0x0000000000000018       0x10 ./User/main.o
 .debug_ranges  0x0000000000000028       0x38 ./User/system_ch32v30x.o
 .debug_ranges  0x0000000000000060       0x28 ./Startup/startup_ch32v30x_D8C.o
 .debug_ranges  0x0000000000000088       0x50 ./Peripheral/src/ch32v30x_dma.o
 .debug_ranges  0x00000000000000d8       0xd0 ./Peripheral/src/ch32v30x_gpio.o
 .debug_ranges  0x00000000000001a8      0x100 ./Peripheral/src/ch32v30x_i2c.o
 .debug_ranges  0x00000000000002a8       0x48 ./Peripheral/src/ch32v30x_misc.o
 .debug_ranges  0x00000000000002f0      0x198 ./Peripheral/src/ch32v30x_rcc.o
 .debug_ranges  0x0000000000000488      0x308 ./Peripheral/src/ch32v30x_tim.o
 .debug_ranges  0x0000000000000790       0xf0 ./Peripheral/src/ch32v30x_usart.o
 .debug_ranges  0x0000000000000880       0x20 ./General_Files/drivers/KeyPress.o
 .debug_ranges  0x00000000000008a0      0x140 ./General_Files/drivers/SSD1306.o
 .debug_ranges  0x00000000000009e0       0x18 ./General_Files/system.o
 .debug_ranges  0x00000000000009f8       0x38 ./Debug/debug.o

.debug_line     0x0000000000000000     0xdba2
 .debug_line    0x0000000000000000      0x2f0 ./User/ch32v30x_it.o
 .debug_line    0x00000000000002f0      0x517 ./User/main.o
 .debug_line    0x0000000000000807      0x83c ./User/system_ch32v30x.o
 .debug_line    0x0000000000001043      0x356 ./Startup/startup_ch32v30x_D8C.o
 .debug_line    0x0000000000001399      0xae0 ./Peripheral/src/ch32v30x_dma.o
 .debug_line    0x0000000000001e79      0xf54 ./Peripheral/src/ch32v30x_gpio.o
 .debug_line    0x0000000000002dcd     0x1276 ./Peripheral/src/ch32v30x_i2c.o
 .debug_line    0x0000000000004043      0x5df ./Peripheral/src/ch32v30x_misc.o
 .debug_line    0x0000000000004622     0x1900 ./Peripheral/src/ch32v30x_rcc.o
 .debug_line    0x0000000000005f22     0x3524 ./Peripheral/src/ch32v30x_tim.o
 .debug_line    0x0000000000009446     0x11b9 ./Peripheral/src/ch32v30x_usart.o
 .debug_line    0x000000000000a5ff      0x808 ./General_Files/drivers/KeyPress.o
 .debug_line    0x000000000000ae07     0x2120 ./General_Files/drivers/SSD1306.o
 .debug_line    0x000000000000cf27      0x45b ./General_Files/system.o
 .debug_line    0x000000000000d382      0x820 ./Debug/debug.o

.debug_str      0x0000000000000000     0x3225
 .debug_str     0x0000000000000000      0x574 ./User/ch32v30x_it.o
                                        0x5dd (size before relaxing)
 .debug_str     0x0000000000000574       0x71 ./User/main.o
                                        0x626 (size before relaxing)
 .debug_str     0x00000000000005e5      0x105 ./User/system_ch32v30x.o
                                        0x6d8 (size before relaxing)
 .debug_str     0x00000000000006ea       0x2e ./Startup/startup_ch32v30x_D8C.o
                                         0x8c (size before relaxing)
 .debug_str     0x0000000000000718      0x23e ./Peripheral/src/ch32v30x_dma.o
                                        0x81a (size before relaxing)
 .debug_str     0x0000000000000956      0x39f ./Peripheral/src/ch32v30x_gpio.o
                                        0x9a7 (size before relaxing)
 .debug_str     0x0000000000000cf5      0x4b4 ./Peripheral/src/ch32v30x_i2c.o
                                        0xb07 (size before relaxing)
 .debug_str     0x00000000000011a9      0x6a5 ./Peripheral/src/ch32v30x_misc.o
                                        0xcf2 (size before relaxing)
 .debug_str     0x000000000000184e      0x551 ./Peripheral/src/ch32v30x_rcc.o
                                        0xce8 (size before relaxing)
 .debug_str     0x0000000000001d9f      0xb95 ./Peripheral/src/ch32v30x_tim.o
                                       0x12a2 (size before relaxing)
 .debug_str     0x0000000000002934      0x416 ./Peripheral/src/ch32v30x_usart.o
                                        0xb3e (size before relaxing)
 .debug_str     0x0000000000002d4a       0xb1 ./General_Files/drivers/KeyPress.o
                                        0xff0 (size before relaxing)
 .debug_str     0x0000000000002dfb      0x391 ./General_Files/drivers/SSD1306.o
                                        0xe03 (size before relaxing)
 .debug_str     0x000000000000318c       0x1a ./General_Files/system.o
                                        0x64b (size before relaxing)
 .debug_str     0x00000000000031a6       0x7f ./Debug/debug.o
                                        0x926 (size before relaxing)

.comment        0x0000000000000000       0x33
 .comment       0x0000000000000000       0x33 ./User/ch32v30x_it.o
                                         0x34 (size before relaxing)
 .comment       0x0000000000000033       0x34 ./User/main.o
 .comment       0x0000000000000033       0x34 ./User/system_ch32v30x.o
 .comment       0x0000000000000033       0x34 ./Peripheral/src/ch32v30x_dma.o
 .comment       0x0000000000000033       0x34 ./Peripheral/src/ch32v30x_gpio.o
 .comment       0x0000000000000033       0x34 ./Peripheral/src/ch32v30x_i2c.o
 .comment       0x0000000000000033       0x34 ./Peripheral/src/ch32v30x_misc.o
 .comment       0x0000000000000033       0x34 ./Peripheral/src/ch32v30x_rcc.o
 .comment       0x0000000000000033       0x34 ./Peripheral/src/ch32v30x_tim.o
 .comment       0x0000000000000033       0x34 ./Peripheral/src/ch32v30x_usart.o
 .comment       0x0000000000000033       0x34 ./General_Files/drivers/KeyPress.o
 .comment       0x0000000000000033       0x34 ./General_Files/drivers/SSD1306.o
 .comment       0x0000000000000033       0x34 ./General_Files/system.o
 .comment       0x0000000000000033       0x34 ./Debug/debug.o

.debug_frame    0x0000000000000000     0x2010
 .debug_frame   0x0000000000000000       0x30 ./User/ch32v30x_it.o
 .debug_frame   0x0000000000000030       0x28 ./User/main.o
 .debug_frame   0x0000000000000058       0x3c ./User/system_ch32v30x.o
 .debug_frame   0x0000000000000094       0xc0 ./Peripheral/src/ch32v30x_dma.o
 .debug_frame   0x0000000000000154      0x160 ./Peripheral/src/ch32v30x_gpio.o
 .debug_frame   0x00000000000002b4      0x25c ./Peripheral/src/ch32v30x_i2c.o
 .debug_frame   0x0000000000000510       0x30 ./Peripheral/src/ch32v30x_misc.o
 .debug_frame   0x0000000000000540      0x340 ./Peripheral/src/ch32v30x_rcc.o
 .debug_frame   0x0000000000000880      0x66c ./Peripheral/src/ch32v30x_tim.o
 .debug_frame   0x0000000000000eec      0x210 ./Peripheral/src/ch32v30x_usart.o
 .debug_frame   0x00000000000010fc       0x70 ./General_Files/drivers/KeyPress.o
 .debug_frame   0x000000000000116c      0x49c ./General_Files/drivers/SSD1306.o
 .debug_frame   0x0000000000001608       0x50 ./General_Files/system.o
 .debug_frame   0x0000000000001658       0xa4 ./Debug/debug.o
 .debug_frame   0x00000000000016fc       0x54 i:/programming/ch32/mounriver_studio2/resources/app/resources/win32/components/wch/toolchain/risc-v embedded gcc/bin/../lib/gcc/riscv-none-embed/8.2.0/../../../../riscv-none-embed/lib/rv32imac/ilp32\libg_nano.a(lib_a-printf.o)
 .debug_frame   0x0000000000001750       0x54 i:/programming/ch32/mounriver_studio2/resources/app/resources/win32/components/wch/toolchain/risc-v embedded gcc/bin/../lib/gcc/riscv-none-embed/8.2.0/../../../../riscv-none-embed/lib/rv32imac/ilp32\libg_nano.a(lib_a-puts.o)
 .debug_frame   0x00000000000017a4       0x50 i:/programming/ch32/mounriver_studio2/resources/app/resources/win32/components/wch/toolchain/risc-v embedded gcc/bin/../lib/gcc/riscv-none-embed/8.2.0/../../../../riscv-none-embed/lib/rv32imac/ilp32\libg_nano.a(lib_a-wbuf.o)
 .debug_frame   0x00000000000017f4       0x3c i:/programming/ch32/mounriver_studio2/resources/app/resources/win32/components/wch/toolchain/risc-v embedded gcc/bin/../lib/gcc/riscv-none-embed/8.2.0/../../../../riscv-none-embed/lib/rv32imac/ilp32\libg_nano.a(lib_a-wsetup.o)
 .debug_frame   0x0000000000001830       0x7c i:/programming/ch32/mounriver_studio2/resources/app/resources/win32/components/wch/toolchain/risc-v embedded gcc/bin/../lib/gcc/riscv-none-embed/8.2.0/../../../../riscv-none-embed/lib/rv32imac/ilp32\libg_nano.a(lib_a-fflush.o)
 .debug_frame   0x00000000000018ac      0x148 i:/programming/ch32/mounriver_studio2/resources/app/resources/win32/components/wch/toolchain/risc-v embedded gcc/bin/../lib/gcc/riscv-none-embed/8.2.0/../../../../riscv-none-embed/lib/rv32imac/ilp32\libg_nano.a(lib_a-findfp.o)
 .debug_frame   0x00000000000019f4       0x88 i:/programming/ch32/mounriver_studio2/resources/app/resources/win32/components/wch/toolchain/risc-v embedded gcc/bin/../lib/gcc/riscv-none-embed/8.2.0/../../../../riscv-none-embed/lib/rv32imac/ilp32\libg_nano.a(lib_a-fwalk.o)
 .debug_frame   0x0000000000001a7c       0x64 i:/programming/ch32/mounriver_studio2/resources/app/resources/win32/components/wch/toolchain/risc-v embedded gcc/bin/../lib/gcc/riscv-none-embed/8.2.0/../../../../riscv-none-embed/lib/rv32imac/ilp32\libg_nano.a(lib_a-makebuf.o)
 .debug_frame   0x0000000000001ae0       0x40 i:/programming/ch32/mounriver_studio2/resources/app/resources/win32/components/wch/toolchain/risc-v embedded gcc/bin/../lib/gcc/riscv-none-embed/8.2.0/../../../../riscv-none-embed/lib/rv32imac/ilp32\libg_nano.a(lib_a-nano-freer.o)
 .debug_frame   0x0000000000001b20       0x40 i:/programming/ch32/mounriver_studio2/resources/app/resources/win32/components/wch/toolchain/risc-v embedded gcc/bin/../lib/gcc/riscv-none-embed/8.2.0/../../../../riscv-none-embed/lib/rv32imac/ilp32\libg_nano.a(lib_a-nano-mallocr.o)
 .debug_frame   0x0000000000001b60       0xd0 i:/programming/ch32/mounriver_studio2/resources/app/resources/win32/components/wch/toolchain/risc-v embedded gcc/bin/../lib/gcc/riscv-none-embed/8.2.0/../../../../riscv-none-embed/lib/rv32imac/ilp32\libg_nano.a(lib_a-nano-vfprintf.o)
 .debug_frame   0x0000000000001c30       0x8c i:/programming/ch32/mounriver_studio2/resources/app/resources/win32/components/wch/toolchain/risc-v embedded gcc/bin/../lib/gcc/riscv-none-embed/8.2.0/../../../../riscv-none-embed/lib/rv32imac/ilp32\libg_nano.a(lib_a-nano-vfprintf_i.o)
 .debug_frame   0x0000000000001cbc       0x30 i:/programming/ch32/mounriver_studio2/resources/app/resources/win32/components/wch/toolchain/risc-v embedded gcc/bin/../lib/gcc/riscv-none-embed/8.2.0/../../../../riscv-none-embed/lib/rv32imac/ilp32\libg_nano.a(lib_a-sbrkr.o)
 .debug_frame   0x0000000000001cec       0xa4 i:/programming/ch32/mounriver_studio2/resources/app/resources/win32/components/wch/toolchain/risc-v embedded gcc/bin/../lib/gcc/riscv-none-embed/8.2.0/../../../../riscv-none-embed/lib/rv32imac/ilp32\libg_nano.a(lib_a-stdio.o)
 .debug_frame   0x0000000000001d90       0x30 i:/programming/ch32/mounriver_studio2/resources/app/resources/win32/components/wch/toolchain/risc-v embedded gcc/bin/../lib/gcc/riscv-none-embed/8.2.0/../../../../riscv-none-embed/lib/rv32imac/ilp32\libg_nano.a(lib_a-writer.o)
 .debug_frame   0x0000000000001dc0       0x30 i:/programming/ch32/mounriver_studio2/resources/app/resources/win32/components/wch/toolchain/risc-v embedded gcc/bin/../lib/gcc/riscv-none-embed/8.2.0/../../../../riscv-none-embed/lib/rv32imac/ilp32\libg_nano.a(lib_a-closer.o)
 .debug_frame   0x0000000000001df0       0x30 i:/programming/ch32/mounriver_studio2/resources/app/resources/win32/components/wch/toolchain/risc-v embedded gcc/bin/../lib/gcc/riscv-none-embed/8.2.0/../../../../riscv-none-embed/lib/rv32imac/ilp32\libg_nano.a(lib_a-fstatr.o)
 .debug_frame   0x0000000000001e20       0x30 i:/programming/ch32/mounriver_studio2/resources/app/resources/win32/components/wch/toolchain/risc-v embedded gcc/bin/../lib/gcc/riscv-none-embed/8.2.0/../../../../riscv-none-embed/lib/rv32imac/ilp32\libg_nano.a(lib_a-isattyr.o)
 .debug_frame   0x0000000000001e50       0x30 i:/programming/ch32/mounriver_studio2/resources/app/resources/win32/components/wch/toolchain/risc-v embedded gcc/bin/../lib/gcc/riscv-none-embed/8.2.0/../../../../riscv-none-embed/lib/rv32imac/ilp32\libg_nano.a(lib_a-lseekr.o)
 .debug_frame   0x0000000000001e80       0x20 i:/programming/ch32/mounriver_studio2/resources/app/resources/win32/components/wch/toolchain/risc-v embedded gcc/bin/../lib/gcc/riscv-none-embed/8.2.0/../../../../riscv-none-embed/lib/rv32imac/ilp32\libg_nano.a(lib_a-memchr.o)
 .debug_frame   0x0000000000001ea0       0x30 i:/programming/ch32/mounriver_studio2/resources/app/resources/win32/components/wch/toolchain/risc-v embedded gcc/bin/../lib/gcc/riscv-none-embed/8.2.0/../../../../riscv-none-embed/lib/rv32imac/ilp32\libg_nano.a(lib_a-mlock.o)
 .debug_frame   0x0000000000001ed0       0x30 i:/programming/ch32/mounriver_studio2/resources/app/resources/win32/components/wch/toolchain/risc-v embedded gcc/bin/../lib/gcc/riscv-none-embed/8.2.0/../../../../riscv-none-embed/lib/rv32imac/ilp32\libg_nano.a(lib_a-readr.o)
 .debug_frame   0x0000000000001f00       0x70 i:/programming/ch32/mounriver_studio2/resources/app/resources/win32/components/wch/toolchain/risc-v embedded gcc/bin/../lib/gcc/riscv-none-embed/8.2.0/../../../../riscv-none-embed/lib/rv32imac/ilp32\libg_nano.a(lib_a-reent.o)
 .debug_frame   0x0000000000001f70       0x20 i:/programming/ch32/mounriver_studio2/resources/app/resources/win32/components/wch/toolchain/risc-v embedded gcc/bin/../lib/gcc/riscv-none-embed/8.2.0/../../../../riscv-none-embed/lib/rv32imac/ilp32\libnosys.a(close.o)
 .debug_frame   0x0000000000001f90       0x20 i:/programming/ch32/mounriver_studio2/resources/app/resources/win32/components/wch/toolchain/risc-v embedded gcc/bin/../lib/gcc/riscv-none-embed/8.2.0/../../../../riscv-none-embed/lib/rv32imac/ilp32\libnosys.a(fstat.o)
 .debug_frame   0x0000000000001fb0       0x20 i:/programming/ch32/mounriver_studio2/resources/app/resources/win32/components/wch/toolchain/risc-v embedded gcc/bin/../lib/gcc/riscv-none-embed/8.2.0/../../../../riscv-none-embed/lib/rv32imac/ilp32\libnosys.a(isatty.o)
 .debug_frame   0x0000000000001fd0       0x20 i:/programming/ch32/mounriver_studio2/resources/app/resources/win32/components/wch/toolchain/risc-v embedded gcc/bin/../lib/gcc/riscv-none-embed/8.2.0/../../../../riscv-none-embed/lib/rv32imac/ilp32\libnosys.a(lseek.o)
 .debug_frame   0x0000000000001ff0       0x20 i:/programming/ch32/mounriver_studio2/resources/app/resources/win32/components/wch/toolchain/risc-v embedded gcc/bin/../lib/gcc/riscv-none-embed/8.2.0/../../../../riscv-none-embed/lib/rv32imac/ilp32\libnosys.a(read.o)

.debug_loc      0x0000000000000000     0x544c
 .debug_loc     0x0000000000000000       0xe5 ./User/system_ch32v30x.o
 .debug_loc     0x00000000000000e5      0x19a ./Peripheral/src/ch32v30x_dma.o
 .debug_loc     0x000000000000027f      0x6fb ./Peripheral/src/ch32v30x_gpio.o
 .debug_loc     0x000000000000097a      0x726 ./Peripheral/src/ch32v30x_i2c.o
 .debug_loc     0x00000000000010a0       0xce ./Peripheral/src/ch32v30x_misc.o
 .debug_loc     0x000000000000116e      0xa54 ./Peripheral/src/ch32v30x_rcc.o
 .debug_loc     0x0000000000001bc2     0x1b0c ./Peripheral/src/ch32v30x_tim.o
 .debug_loc     0x00000000000036ce      0x7f8 ./Peripheral/src/ch32v30x_usart.o
 .debug_loc     0x0000000000003ec6     0x13de ./General_Files/drivers/SSD1306.o
 .debug_loc     0x00000000000052a4      0x1a8 ./Debug/debug.o

.stab           0x0000000000000000       0x84
 .stab          0x0000000000000000       0x24 i:/programming/ch32/mounriver_studio2/resources/app/resources/win32/components/wch/toolchain/risc-v embedded gcc/bin/../lib/gcc/riscv-none-embed/8.2.0/../../../../riscv-none-embed/lib/rv32imac/ilp32\libnosys.a(close.o)
 .stab          0x0000000000000024       0x18 i:/programming/ch32/mounriver_studio2/resources/app/resources/win32/components/wch/toolchain/risc-v embedded gcc/bin/../lib/gcc/riscv-none-embed/8.2.0/../../../../riscv-none-embed/lib/rv32imac/ilp32\libnosys.a(fstat.o)
                                         0x24 (size before relaxing)
 .stab          0x000000000000003c       0x18 i:/programming/ch32/mounriver_studio2/resources/app/resources/win32/components/wch/toolchain/risc-v embedded gcc/bin/../lib/gcc/riscv-none-embed/8.2.0/../../../../riscv-none-embed/lib/rv32imac/ilp32\libnosys.a(isatty.o)
                                         0x24 (size before relaxing)
 .stab          0x0000000000000054       0x18 i:/programming/ch32/mounriver_studio2/resources/app/resources/win32/components/wch/toolchain/risc-v embedded gcc/bin/../lib/gcc/riscv-none-embed/8.2.0/../../../../riscv-none-embed/lib/rv32imac/ilp32\libnosys.a(lseek.o)
                                         0x24 (size before relaxing)
 .stab          0x000000000000006c       0x18 i:/programming/ch32/mounriver_studio2/resources/app/resources/win32/components/wch/toolchain/risc-v embedded gcc/bin/../lib/gcc/riscv-none-embed/8.2.0/../../../../riscv-none-embed/lib/rv32imac/ilp32\libnosys.a(read.o)
                                         0x24 (size before relaxing)

.stabstr        0x0000000000000000      0x117
 .stabstr       0x0000000000000000      0x117 i:/programming/ch32/mounriver_studio2/resources/app/resources/win32/components/wch/toolchain/risc-v embedded gcc/bin/../lib/gcc/riscv-none-embed/8.2.0/../../../../riscv-none-embed/lib/rv32imac/ilp32\libnosys.a(close.o)
